  Activating project at `~/Desktop/julia_work/eCornell-AI-finance-lectures/lectures/session-4`
==============================================================================
Per-sector ε-greedy bandit (Option C)
==============================================================================

Loading environment ... K = 413, 85..2746 usable training days
Loading sector map ... 11 sectors, 36 tickers dropped (no GICS match)
  dropped: AAL, AAP, ALK, BIO, BWA, CE, CZR, EMN, ENPH, FMC, GLD, ILMN, IPGP, KMX, LEG, LKQ, LNC, MHK, MKTX, NWL, PENN, PVH, QQQ, RHI, SLV, SPY, SPYG, TFX, UA, UNG, VFC, VNO, WHR, WU, XRAY, ZION

Sector quotas (Σ q_s = 16):
  Industrials                N_s =  60   q_s = 2
  Financials                 N_s =  54   q_s = 2
  Information Technology     N_s =  50   q_s = 2
  Health Care                N_s =  44   q_s = 2
  Consumer Discretionary     N_s =  39   q_s = 2
  Consumer Staples           N_s =  31   q_s = 1
  Utilities                  N_s =  26   q_s = 1
  Real Estate                N_s =  24   q_s = 1
  Materials                  N_s =  17   q_s = 1
  Communication Services     N_s =  16   q_s = 1
  Energy                     N_s =  16   q_s = 1

--- Training per-sector bandits ---
  Industrials                N= 60  q=2  arms=  1770  iters= 5000  ... done in   0.4s  best=+0.1434  random=-0.0007  edge=+0.1441
  Financials                 N= 54  q=2  arms=  1431  iters= 5000  ... done in   0.0s  best=+0.1321  random=-0.0006  edge=+0.1327
  Information Technology     N= 50  q=2  arms=  1225  iters= 5000  ... done in   0.0s  best=+0.1839  random=+0.0011  edge=+0.1828
  Health Care                N= 44  q=2  arms=   946  iters= 5000  ... done in   0.0s  best=+0.1163  random=-0.0013  edge=+0.1176
  Consumer Discretionary     N= 39  q=2  arms=   741  iters= 5000  ... done in   0.0s  best=+0.1621  random=-0.0011  edge=+0.1631
  Consumer Staples           N= 31  q=1  arms=    31  iters= 1550  ... done in   0.0s  best=+0.0159  random=-0.0000  edge=+0.0159
  Utilities                  N= 26  q=1  arms=    26  iters= 1300  ... done in   0.0s  best=+0.0072  random=+0.0000  edge=+0.0072
  Real Estate                N= 24  q=1  arms=    24  iters= 1200  ... done in   0.0s  best=+0.0073  random=-0.0018  edge=+0.0091
  Materials                  N= 17  q=1  arms=    17  iters=  850  ... done in   0.0s  best=+0.0103  random=-0.0015  edge=+0.0118
  Communication Services     N= 16  q=1  arms=    16  iters=  800  ... done in   0.0s  best=+0.0129  random=-0.0016  edge=+0.0146
  Energy                     N= 16  q=1  arms=    16  iters=  800  ... done in   0.0s  best=+0.0064  random=-0.0068  edge=+0.0132

Total training time: 0.6s

Assembled basket (size = 16):
  AME, EFX, CME, USB, APH, WDC, AMGN, IDXX, F, TSLA, COST, AWK, IRM, SHW, TTWO, EOG

--- Deploy on 2025-2026 forward window ---
  Per-sector bandit basket ... W_T/W_0=1.145  ann=+10.47%  DD=9.5%  Sharpe=+0.547
  Random-per-sector basket ... W_T/W_0=0.990  ann=-0.80%  DD=8.0%  Sharpe=-0.540
  Full-universe ... W_T/W_0=1.166  ann=+11.88%  DD=13.1%  Sharpe=+0.490

--- Summary ---
┌───────────────────┬───────┬─────────┬─────────────┬────────────┬─────────────┬─────────┐
│          Strategy │     K │     W_T │ W_T_over_W0 │ Max_DD_pct │ Ann_ret_pct │  Sharpe │
│            String │ Int64 │ Float64 │     Float64 │    Float64 │     Float64 │ Float64 │
├───────────────────┼───────┼─────────┼─────────────┼────────────┼─────────────┼─────────┤
│     Sector-Bandit │    16 │ 11446.0 │       1.145 │        9.5 │       10.47 │   0.547 │
│ Random-per-sector │    16 │  9897.8 │        0.99 │        8.0 │        -0.8 │   -0.54 │
│     Full-Universe │   413 │ 11655.6 │       1.166 │       13.1 │       11.88 │    0.49 │
└───────────────────┴───────┴─────────┴─────────────┴────────────┴─────────────┴─────────┘

Saved /Users/jeffreyvarner/Desktop/julia_work/eCornell-AI-finance-lectures/lectures/session-4/scripts/bandit/per_sector_bandit_results.jld2
